<!DOCTYPE html>
<html lang="en">
<head>
    <meta http-equiv="refresh" content="0;URL=../../pear/enum.Expected.html">
</head>
<body>
    <p>Redirecting to <a href="../../pear/enum.Expected.html">../../pear/enum.Expected.html</a>...</p>
    <script>location.replace("../../pear/enum.Expected.html" + location.search + location.hash);</script>
</body>
</html>